Archive member included because of file (symbol)

/Users/kodera2t/LPCXpresso/workspace/lpc_chip_8xx/Release/liblpc_chip_8xx.a(chip_8xx.o)
                              ./src/osc810.o (SystemCoreClockUpdate)
/Users/kodera2t/LPCXpresso/workspace/lpc_chip_8xx/Release/liblpc_chip_8xx.a(clock_8xx.o)
                              /Users/kodera2t/LPCXpresso/workspace/lpc_chip_8xx/Release/liblpc_chip_8xx.a(chip_8xx.o) (Chip_Clock_GetSystemClockRate)
/Users/kodera2t/LPCXpresso/workspace/lpc_chip_8xx/Release/liblpc_chip_8xx.a(sct_8xx.o)
                              ./src/osc810.o (Chip_SCT_Init)
/Users/kodera2t/LPCXpresso/workspace/lpc_chip_8xx/Release/liblpc_chip_8xx.a(sct_pwm_8xx.o)
                              ./src/osc810.o (Chip_SCTPWM_SetOutPin)
/Users/kodera2t/LPCXpresso/workspace/lpc_chip_8xx/Release/liblpc_chip_8xx.a(swm_8xx.o)
                              ./src/osc810.o (Chip_SWM_MovablePinAssign)
/Users/kodera2t/LPCXpresso/workspace/lpc_chip_8xx/Release/liblpc_chip_8xx.a(sysinit_8xx.o)
                              ./src/sysinit.o (Chip_SystemInit)
/Users/kodera2t/LPCXpresso/workspace/lpc_chip_8xx/Release/liblpc_chip_8xx.a(syscon_8xx.o)
                              /Users/kodera2t/LPCXpresso/workspace/lpc_chip_8xx/Release/liblpc_chip_8xx.a(sysinit_8xx.o) (Chip_SYSCTL_PowerUp)
/Applications/lpcxpresso_7.7.2_379/lpcxpresso/tools/bin/../lib/gcc/arm-none-eabi/4.9.3/../../../../arm-none-eabi/lib/armv6-m/libcr_c.a(__weak__main.o)
                              ./src/cr_startup_lpc8xx.o (__main)
/Applications/lpcxpresso_7.7.2_379/lpcxpresso/tools/bin/../lib/gcc/arm-none-eabi/4.9.3/armv6-m/libcr_eabihelpers.a(division_32.o)
                              ./src/osc810.o (__aeabi_uidiv)
/Applications/lpcxpresso_7.7.2_379/lpcxpresso/tools/bin/../lib/gcc/arm-none-eabi/4.9.3/armv6-m/libcr_eabihelpers.a(division_64.o)
                              /Users/kodera2t/LPCXpresso/workspace/lpc_chip_8xx/Release/liblpc_chip_8xx.a(clock_8xx.o) (__aeabi_uldivmod)
/Applications/lpcxpresso_7.7.2_379/lpcxpresso/tools/bin/../lib/gcc/arm-none-eabi/4.9.3/armv6-m/libcr_eabihelpers.a(division_idiv0.o)
                              /Applications/lpcxpresso_7.7.2_379/lpcxpresso/tools/bin/../lib/gcc/arm-none-eabi/4.9.3/armv6-m/libcr_eabihelpers.a(division_32.o) (__aeabi_idiv0)

Allocating common symbols
Common symbol       size              file

sleeping            0x1               ./src/mrt.o
SystemCoreClock     0x4               /Users/kodera2t/LPCXpresso/workspace/lpc_chip_8xx/Release/liblpc_chip_8xx.a(chip_8xx.o)

Discarded input sections

 .text          0x0000000000000000        0x0 ./src/cr_startup_lpc8xx.o
 .data          0x0000000000000000        0x0 ./src/cr_startup_lpc8xx.o
 .bss           0x0000000000000000        0x0 ./src/cr_startup_lpc8xx.o
 .text          0x0000000000000000        0x0 ./src/crp.o
 .data          0x0000000000000000        0x0 ./src/crp.o
 .bss           0x0000000000000000        0x0 ./src/crp.o
 .crp           0x0000000000000000        0x4 ./src/crp.o
 .debug_info    0x0000000000000000       0x3b ./src/crp.o
 .debug_abbrev  0x0000000000000000       0x33 ./src/crp.o
 .debug_aranges
                0x0000000000000000       0x18 ./src/crp.o
 .debug_line    0x0000000000000000       0x2d ./src/crp.o
 .debug_str     0x0000000000000000      0x103 ./src/crp.o
 .comment       0x0000000000000000       0x71 ./src/crp.o
 .ARM.attributes
                0x0000000000000000       0x31 ./src/crp.o
 .text          0x0000000000000000        0x0 ./src/mrt.o
 .data          0x0000000000000000        0x0 ./src/mrt.o
 .bss           0x0000000000000000        0x0 ./src/mrt.o
 .text.mrtRepeat
                0x0000000000000000       0x20 ./src/mrt.o
 .text.mrtRepeatStart
                0x0000000000000000       0x14 ./src/mrt.o
 .text.mrtRepeatStop
                0x0000000000000000       0x10 ./src/mrt.o
 .text.mrtWait  0x0000000000000000        0xc ./src/mrt.o
 .text.mrtSetupSleep
                0x0000000000000000       0x14 ./src/mrt.o
 .text.mrtSleep
                0x0000000000000000       0x20 ./src/mrt.o
 .text          0x0000000000000000        0x0 ./src/mtb.o
 .data          0x0000000000000000        0x0 ./src/mtb.o
 .bss           0x0000000000000000        0x0 ./src/mtb.o
 .debug_line    0x0000000000000000        0x0 ./src/mtb.o
 .debug_str     0x0000000000000000       0xed ./src/mtb.o
 .comment       0x0000000000000000       0x71 ./src/mtb.o
 .ARM.attributes
                0x0000000000000000       0x31 ./src/mtb.o
 .text          0x0000000000000000        0x0 ./src/osc810.o
 .data          0x0000000000000000        0x0 ./src/osc810.o
 .bss           0x0000000000000000        0x0 ./src/osc810.o
 .text          0x0000000000000000        0x0 ./src/sysinit.o
 .data          0x0000000000000000        0x0 ./src/sysinit.o
 .bss           0x0000000000000000        0x0 ./src/sysinit.o
 .text          0x0000000000000000        0x0 /Users/kodera2t/LPCXpresso/workspace/lpc_chip_8xx/Release/liblpc_chip_8xx.a(chip_8xx.o)
 .data          0x0000000000000000        0x0 /Users/kodera2t/LPCXpresso/workspace/lpc_chip_8xx/Release/liblpc_chip_8xx.a(chip_8xx.o)
 .bss           0x0000000000000000        0x0 /Users/kodera2t/LPCXpresso/workspace/lpc_chip_8xx/Release/liblpc_chip_8xx.a(chip_8xx.o)
 .text          0x0000000000000000        0x0 /Users/kodera2t/LPCXpresso/workspace/lpc_chip_8xx/Release/liblpc_chip_8xx.a(clock_8xx.o)
 .data          0x0000000000000000        0x0 /Users/kodera2t/LPCXpresso/workspace/lpc_chip_8xx/Release/liblpc_chip_8xx.a(clock_8xx.o)
 .bss           0x0000000000000000        0x0 /Users/kodera2t/LPCXpresso/workspace/lpc_chip_8xx/Release/liblpc_chip_8xx.a(clock_8xx.o)
 .text.Chip_Clock_SetPLLBypass
                0x0000000000000000       0x14 /Users/kodera2t/LPCXpresso/workspace/lpc_chip_8xx/Release/liblpc_chip_8xx.a(clock_8xx.o)
 .text.Chip_Clock_SetMainClockSource
                0x0000000000000000       0x14 /Users/kodera2t/LPCXpresso/workspace/lpc_chip_8xx/Release/liblpc_chip_8xx.a(clock_8xx.o)
 .text.Chip_Clock_SetCLKOUTSource
                0x0000000000000000       0x1c /Users/kodera2t/LPCXpresso/workspace/lpc_chip_8xx/Release/liblpc_chip_8xx.a(clock_8xx.o)
 .text.Chip_Clock_GetUSARTNBaseClockRate
                0x0000000000000000       0x48 /Users/kodera2t/LPCXpresso/workspace/lpc_chip_8xx/Release/liblpc_chip_8xx.a(clock_8xx.o)
 .text.Chip_Clock_SetUSARTNBaseClockRate
                0x0000000000000000       0x74 /Users/kodera2t/LPCXpresso/workspace/lpc_chip_8xx/Release/liblpc_chip_8xx.a(clock_8xx.o)
 .text.Chip_Clock_GetIOCONCLKDIVClockRate
                0x0000000000000000       0x28 /Users/kodera2t/LPCXpresso/workspace/lpc_chip_8xx/Release/liblpc_chip_8xx.a(clock_8xx.o)
 .text.Chip_Clock_SetIOCONCLKDIV
                0x0000000000000000       0x14 /Users/kodera2t/LPCXpresso/workspace/lpc_chip_8xx/Release/liblpc_chip_8xx.a(clock_8xx.o)
 .text          0x0000000000000000        0x0 /Users/kodera2t/LPCXpresso/workspace/lpc_chip_8xx/Release/liblpc_chip_8xx.a(sct_8xx.o)
 .data          0x0000000000000000        0x0 /Users/kodera2t/LPCXpresso/workspace/lpc_chip_8xx/Release/liblpc_chip_8xx.a(sct_8xx.o)
 .bss           0x0000000000000000        0x0 /Users/kodera2t/LPCXpresso/workspace/lpc_chip_8xx/Release/liblpc_chip_8xx.a(sct_8xx.o)
 .text.Chip_SCT_DeInit
                0x0000000000000000       0x14 /Users/kodera2t/LPCXpresso/workspace/lpc_chip_8xx/Release/liblpc_chip_8xx.a(sct_8xx.o)
 .text.Chip_SCT_SetClrControl
                0x0000000000000000       0x24 /Users/kodera2t/LPCXpresso/workspace/lpc_chip_8xx/Release/liblpc_chip_8xx.a(sct_8xx.o)
 .text.Chip_SCT_SetConflictResolution
                0x0000000000000000       0x18 /Users/kodera2t/LPCXpresso/workspace/lpc_chip_8xx/Release/liblpc_chip_8xx.a(sct_8xx.o)
 .text          0x0000000000000000        0x0 /Users/kodera2t/LPCXpresso/workspace/lpc_chip_8xx/Release/liblpc_chip_8xx.a(sct_pwm_8xx.o)
 .data          0x0000000000000000        0x0 /Users/kodera2t/LPCXpresso/workspace/lpc_chip_8xx/Release/liblpc_chip_8xx.a(sct_pwm_8xx.o)
 .bss           0x0000000000000000        0x0 /Users/kodera2t/LPCXpresso/workspace/lpc_chip_8xx/Release/liblpc_chip_8xx.a(sct_pwm_8xx.o)
 .text          0x0000000000000000        0x0 /Users/kodera2t/LPCXpresso/workspace/lpc_chip_8xx/Release/liblpc_chip_8xx.a(swm_8xx.o)
 .data          0x0000000000000000        0x0 /Users/kodera2t/LPCXpresso/workspace/lpc_chip_8xx/Release/liblpc_chip_8xx.a(swm_8xx.o)
 .bss           0x0000000000000000        0x0 /Users/kodera2t/LPCXpresso/workspace/lpc_chip_8xx/Release/liblpc_chip_8xx.a(swm_8xx.o)
 .text.Chip_SWM_FixedPinEnable
                0x0000000000000000       0x34 /Users/kodera2t/LPCXpresso/workspace/lpc_chip_8xx/Release/liblpc_chip_8xx.a(swm_8xx.o)
 .text          0x0000000000000000        0x0 /Users/kodera2t/LPCXpresso/workspace/lpc_chip_8xx/Release/liblpc_chip_8xx.a(sysinit_8xx.o)
 .data          0x0000000000000000        0x0 /Users/kodera2t/LPCXpresso/workspace/lpc_chip_8xx/Release/liblpc_chip_8xx.a(sysinit_8xx.o)
 .bss           0x0000000000000000        0x0 /Users/kodera2t/LPCXpresso/workspace/lpc_chip_8xx/Release/liblpc_chip_8xx.a(sysinit_8xx.o)
 .text.Chip_SetupXtalClocking
                0x0000000000000000       0x64 /Users/kodera2t/LPCXpresso/workspace/lpc_chip_8xx/Release/liblpc_chip_8xx.a(sysinit_8xx.o)
 .text          0x0000000000000000        0x0 /Users/kodera2t/LPCXpresso/workspace/lpc_chip_8xx/Release/liblpc_chip_8xx.a(syscon_8xx.o)
 .data          0x0000000000000000        0x0 /Users/kodera2t/LPCXpresso/workspace/lpc_chip_8xx/Release/liblpc_chip_8xx.a(syscon_8xx.o)
 .bss           0x0000000000000000        0x0 /Users/kodera2t/LPCXpresso/workspace/lpc_chip_8xx/Release/liblpc_chip_8xx.a(syscon_8xx.o)
 .text.Chip_SYSCTL_SetDeepSleepPD
                0x0000000000000000       0x18 /Users/kodera2t/LPCXpresso/workspace/lpc_chip_8xx/Release/liblpc_chip_8xx.a(syscon_8xx.o)
 .text.Chip_SYSCTL_SetWakeup
                0x0000000000000000       0x20 /Users/kodera2t/LPCXpresso/workspace/lpc_chip_8xx/Release/liblpc_chip_8xx.a(syscon_8xx.o)
 .text.Chip_SYSCTL_PowerDown
                0x0000000000000000       0x24 /Users/kodera2t/LPCXpresso/workspace/lpc_chip_8xx/Release/liblpc_chip_8xx.a(syscon_8xx.o)
 .text          0x0000000000000000        0x0 /Applications/lpcxpresso_7.7.2_379/lpcxpresso/tools/bin/../lib/gcc/arm-none-eabi/4.9.3/../../../../arm-none-eabi/lib/armv6-m/libcr_c.a(__weak__main.o)
 .data          0x0000000000000000        0x0 /Applications/lpcxpresso_7.7.2_379/lpcxpresso/tools/bin/../lib/gcc/arm-none-eabi/4.9.3/../../../../arm-none-eabi/lib/armv6-m/libcr_c.a(__weak__main.o)
 .bss           0x0000000000000000        0x0 /Applications/lpcxpresso_7.7.2_379/lpcxpresso/tools/bin/../lib/gcc/arm-none-eabi/4.9.3/../../../../arm-none-eabi/lib/armv6-m/libcr_c.a(__weak__main.o)
 .text          0x0000000000000000        0x0 /Applications/lpcxpresso_7.7.2_379/lpcxpresso/tools/bin/../lib/gcc/arm-none-eabi/4.9.3/armv6-m/libcr_eabihelpers.a(division_32.o)
 .data          0x0000000000000000        0x0 /Applications/lpcxpresso_7.7.2_379/lpcxpresso/tools/bin/../lib/gcc/arm-none-eabi/4.9.3/armv6-m/libcr_eabihelpers.a(division_32.o)
 .bss           0x0000000000000000        0x0 /Applications/lpcxpresso_7.7.2_379/lpcxpresso/tools/bin/../lib/gcc/arm-none-eabi/4.9.3/armv6-m/libcr_eabihelpers.a(division_32.o)
 .text          0x0000000000000000        0x0 /Applications/lpcxpresso_7.7.2_379/lpcxpresso/tools/bin/../lib/gcc/arm-none-eabi/4.9.3/armv6-m/libcr_eabihelpers.a(division_64.o)
 .data          0x0000000000000000        0x0 /Applications/lpcxpresso_7.7.2_379/lpcxpresso/tools/bin/../lib/gcc/arm-none-eabi/4.9.3/armv6-m/libcr_eabihelpers.a(division_64.o)
 .bss           0x0000000000000000        0x0 /Applications/lpcxpresso_7.7.2_379/lpcxpresso/tools/bin/../lib/gcc/arm-none-eabi/4.9.3/armv6-m/libcr_eabihelpers.a(division_64.o)
 .text.__aeabi_division_uldivmod
                0x0000000000000000       0x5a /Applications/lpcxpresso_7.7.2_379/lpcxpresso/tools/bin/../lib/gcc/arm-none-eabi/4.9.3/armv6-m/libcr_eabihelpers.a(division_64.o)
 .text.__aeabi_division_ldivmod
                0x0000000000000000       0x32 /Applications/lpcxpresso_7.7.2_379/lpcxpresso/tools/bin/../lib/gcc/arm-none-eabi/4.9.3/armv6-m/libcr_eabihelpers.a(division_64.o)
 .ARM.attributes
                0x0000000000000000       0x21 /Applications/lpcxpresso_7.7.2_379/lpcxpresso/tools/bin/../lib/gcc/arm-none-eabi/4.9.3/armv6-m/libcr_eabihelpers.a(division_64.o)
 .text          0x0000000000000000        0x0 /Applications/lpcxpresso_7.7.2_379/lpcxpresso/tools/bin/../lib/gcc/arm-none-eabi/4.9.3/armv6-m/libcr_eabihelpers.a(division_idiv0.o)
 .data          0x0000000000000000        0x0 /Applications/lpcxpresso_7.7.2_379/lpcxpresso/tools/bin/../lib/gcc/arm-none-eabi/4.9.3/armv6-m/libcr_eabihelpers.a(division_idiv0.o)
 .bss           0x0000000000000000        0x0 /Applications/lpcxpresso_7.7.2_379/lpcxpresso/tools/bin/../lib/gcc/arm-none-eabi/4.9.3/armv6-m/libcr_eabihelpers.a(division_idiv0.o)

Memory Configuration

Name             Origin             Length             Attributes
MFlash4          0x0000000000000000 0x0000000000001000 xr
RamLoc1          0x0000000010000000 0x0000000000000400 xrw
*default*        0x0000000000000000 0xffffffffffffffff

Linker script and memory map

LOAD ./src/cr_startup_lpc8xx.o
LOAD ./src/crp.o
LOAD ./src/mrt.o
LOAD ./src/mtb.o
LOAD ./src/osc810.o
LOAD ./src/sysinit.o
LOAD /Users/kodera2t/LPCXpresso/workspace/lpc_chip_8xx/Release/liblpc_chip_8xx.a
START GROUP
LOAD /Applications/lpcxpresso_7.7.2_379/lpcxpresso/tools/bin/../lib/gcc/arm-none-eabi/4.9.3/../../../../arm-none-eabi/lib/armv6-m/libcr_c.a
LOAD /Applications/lpcxpresso_7.7.2_379/lpcxpresso/tools/bin/../lib/gcc/arm-none-eabi/4.9.3/armv6-m/libcr_eabihelpers.a
END GROUP
                0x0000000000001000                __top_MFlash4 = 0x1000
                0x0000000010000400                __top_RamLoc1 = 0x10000400

.text           0x0000000000000000      0x6d8
 FILL mask 0xff
                0x0000000000000000                __vectors_start__ = ABSOLUTE (.)
 *(.isr_vector)
 .isr_vector    0x0000000000000000       0xc0 ./src/cr_startup_lpc8xx.o
                0x0000000000000000                g_pfnVectors
                0x00000000000000c0                . = ALIGN (0x4)
                0x00000000000000c0                __section_table_start = .
                0x00000000000000c0                __data_section_table = .
                0x00000000000000c0        0x4 LONG 0x6d8 LOADADDR (.data)
                0x00000000000000c4        0x4 LONG 0x10000000 ADDR (.data)
                0x00000000000000c8        0x4 LONG 0x0 SIZEOF (.data)
                0x00000000000000cc                __data_section_table_end = .
                0x00000000000000cc                __bss_section_table = .
                0x00000000000000cc        0x4 LONG 0x10000000 ADDR (.bss)
                0x00000000000000d0        0x4 LONG 0x10 SIZEOF (.bss)
                0x00000000000000d4                __bss_section_table_end = .
                0x00000000000000d4                __section_table_end = .
 *(.after_vectors*)
 .after_vectors
                0x00000000000000d4       0x70 ./src/cr_startup_lpc8xx.o
                0x00000000000000d4                NMI_Handler
                0x00000000000000d6                HardFault_Handler
                0x00000000000000d8                SVC_Handler
                0x00000000000000da                PendSV_Handler
                0x00000000000000dc                SysTick_Handler
                0x00000000000000de                UART0_IRQHandler
                0x00000000000000de                SPI0_IRQHandler
                0x00000000000000de                SPI1_IRQHandler
                0x00000000000000de                PININT6_IRQHandler
                0x00000000000000de                CMP_IRQHandler
                0x00000000000000de                PININT3_IRQHandler
                0x00000000000000de                UART2_IRQHandler
                0x00000000000000de                PININT5_IRQHandler
                0x00000000000000de                PININT4_IRQHandler
                0x00000000000000de                PININT0_IRQHandler
                0x00000000000000de                BOD_IRQHandler
                0x00000000000000de                SCT_IRQHandler
                0x00000000000000de                I2C_IRQHandler
                0x00000000000000de                WDT_IRQHandler
                0x00000000000000de                IntDefaultHandler
                0x00000000000000de                WKT_IRQHandler
                0x00000000000000de                PININT2_IRQHandler
                0x00000000000000de                PININT1_IRQHandler
                0x00000000000000de                UART1_IRQHandler
                0x00000000000000e0                data_init
                0x00000000000000f2                bss_init
                0x0000000000000102                ResetISR
 *(.text*)
 .text.MRT_IRQHandler
                0x0000000000000144       0x40 ./src/mrt.o
                0x0000000000000144                MRT_IRQHandler
 .text.mrtSetup
                0x0000000000000184       0x7c ./src/mrt.o
                0x0000000000000184                mrtSetup
 .text.mrtOneshot
                0x0000000000000200       0x14 ./src/mrt.o
                0x0000000000000200                mrtOneshot
 .text.changeFreq
                0x0000000000000214       0x48 ./src/osc810.o
                0x0000000000000214                changeFreq
 .text.PININT7_IRQHandler
                0x000000000000025c       0x2c ./src/osc810.o
                0x000000000000025c                PININT7_IRQHandler
 .text.startup.main
                0x0000000000000288      0x118 ./src/osc810.o
                0x0000000000000288                main
 .text.SystemInit
                0x00000000000003a0        0x8 ./src/sysinit.o
                0x00000000000003a0                SystemInit
 .text.SystemCoreClockUpdate
                0x00000000000003a8       0x10 /Users/kodera2t/LPCXpresso/workspace/lpc_chip_8xx/Release/liblpc_chip_8xx.a(chip_8xx.o)
                0x00000000000003a8                SystemCoreClockUpdate
 .text.Chip_Clock_SetSystemPLLSource
                0x00000000000003b8       0x14 /Users/kodera2t/LPCXpresso/workspace/lpc_chip_8xx/Release/liblpc_chip_8xx.a(clock_8xx.o)
                0x00000000000003b8                Chip_Clock_SetSystemPLLSource
 .text.Chip_Clock_GetWDTOSCRate
                0x00000000000003cc       0x28 /Users/kodera2t/LPCXpresso/workspace/lpc_chip_8xx/Release/liblpc_chip_8xx.a(clock_8xx.o)
                0x00000000000003cc                Chip_Clock_GetWDTOSCRate
 .text.Chip_Clock_GetSystemPLLInClockRate
                0x00000000000003f4       0x34 /Users/kodera2t/LPCXpresso/workspace/lpc_chip_8xx/Release/liblpc_chip_8xx.a(clock_8xx.o)
                0x00000000000003f4                Chip_Clock_GetSystemPLLInClockRate
 .text.Chip_Clock_GetSystemPLLOutClockRate
                0x0000000000000428       0x18 /Users/kodera2t/LPCXpresso/workspace/lpc_chip_8xx/Release/liblpc_chip_8xx.a(clock_8xx.o)
                0x0000000000000428                Chip_Clock_GetSystemPLLOutClockRate
 .text.Chip_Clock_GetMainClockRate
                0x0000000000000440       0x34 /Users/kodera2t/LPCXpresso/workspace/lpc_chip_8xx/Release/liblpc_chip_8xx.a(clock_8xx.o)
                0x0000000000000440                Chip_Clock_GetMainClockRate
 .text.Chip_Clock_GetSystemClockRate
                0x0000000000000474       0x18 /Users/kodera2t/LPCXpresso/workspace/lpc_chip_8xx/Release/liblpc_chip_8xx.a(clock_8xx.o)
                0x0000000000000474                Chip_Clock_GetSystemClockRate
 .text.Chip_SCT_Init
                0x000000000000048c       0x30 /Users/kodera2t/LPCXpresso/workspace/lpc_chip_8xx/Release/liblpc_chip_8xx.a(sct_8xx.o)
                0x000000000000048c                Chip_SCT_Init
 .text.Chip_SCTPWM_SetOutPin
                0x00000000000004bc       0x4c /Users/kodera2t/LPCXpresso/workspace/lpc_chip_8xx/Release/liblpc_chip_8xx.a(sct_pwm_8xx.o)
                0x00000000000004bc                Chip_SCTPWM_SetOutPin
 .text.Chip_SCTPWM_SetRate
                0x0000000000000508       0x5c /Users/kodera2t/LPCXpresso/workspace/lpc_chip_8xx/Release/liblpc_chip_8xx.a(sct_pwm_8xx.o)
                0x0000000000000508                Chip_SCTPWM_SetRate
 .text.Chip_SWM_MovablePinAssign
                0x0000000000000564       0x28 /Users/kodera2t/LPCXpresso/workspace/lpc_chip_8xx/Release/liblpc_chip_8xx.a(swm_8xx.o)
                0x0000000000000564                Chip_SWM_MovablePinAssign
 .text.Chip_SetupIrcClocking
                0x000000000000058c       0x50 /Users/kodera2t/LPCXpresso/workspace/lpc_chip_8xx/Release/liblpc_chip_8xx.a(sysinit_8xx.o)
                0x000000000000058c                Chip_SetupIrcClocking
 .text.Chip_SystemInit
                0x00000000000005dc        0x8 /Users/kodera2t/LPCXpresso/workspace/lpc_chip_8xx/Release/liblpc_chip_8xx.a(sysinit_8xx.o)
                0x00000000000005dc                Chip_SystemInit
 .text.Chip_SYSCTL_PowerUp
                0x00000000000005e4       0x28 /Users/kodera2t/LPCXpresso/workspace/lpc_chip_8xx/Release/liblpc_chip_8xx.a(syscon_8xx.o)
                0x00000000000005e4                Chip_SYSCTL_PowerUp
 .text.__weak_main
                0x000000000000060c        0x8 /Applications/lpcxpresso_7.7.2_379/lpcxpresso/tools/bin/../lib/gcc/arm-none-eabi/4.9.3/../../../../arm-none-eabi/lib/armv6-m/libcr_c.a(__weak__main.o)
                0x000000000000060c                __main
                0x000000000000060c                __weak_main
 .text.__aeabi_division_idivmod
                0x0000000000000614       0x78 /Applications/lpcxpresso_7.7.2_379/lpcxpresso/tools/bin/../lib/gcc/arm-none-eabi/4.9.3/armv6-m/libcr_eabihelpers.a(division_32.o)
                0x0000000000000614                __aeabi_idiv
                0x0000000000000614                __aeabi_idivmod
                0x000000000000061a                __aeabi_uidiv
                0x000000000000061a                __aeabi_uidivmod
 .text.__aeabi_division_idiv0
                0x000000000000068c        0x2 /Applications/lpcxpresso_7.7.2_379/lpcxpresso/tools/bin/../lib/gcc/arm-none-eabi/4.9.3/armv6-m/libcr_eabihelpers.a(division_idiv0.o)
                0x000000000000068c                __aeabi_idiv0
 *(.rodata .rodata.* .constdata .constdata.*)
 *fill*         0x000000000000068e        0x2 
 .rodata.OscRateIn
                0x0000000000000690        0x4 ./src/sysinit.o
                0x0000000000000690                OscRateIn
 .rodata.ExtRateIn
                0x0000000000000694        0x4 ./src/sysinit.o
                0x0000000000000694                ExtRateIn
 .rodata.wdtOSCRate
                0x0000000000000698       0x40 /Users/kodera2t/LPCXpresso/workspace/lpc_chip_8xx/Release/liblpc_chip_8xx.a(clock_8xx.o)
                0x00000000000006d8                . = ALIGN (0x4)

.glue_7         0x00000000000006d8        0x0
 .glue_7        0x0000000000000000        0x0 linker stubs

.glue_7t        0x00000000000006d8        0x0
 .glue_7t       0x0000000000000000        0x0 linker stubs

.vfp11_veneer   0x00000000000006d8        0x0
 .vfp11_veneer  0x0000000000000000        0x0 linker stubs

.v4_bx          0x00000000000006d8        0x0
 .v4_bx         0x0000000000000000        0x0 linker stubs

.iplt           0x00000000000006d8        0x0
 .iplt          0x0000000000000000        0x0 ./src/cr_startup_lpc8xx.o

.rel.dyn        0x00000000000006d8        0x0
 .rel.iplt      0x0000000000000000        0x0 ./src/cr_startup_lpc8xx.o

.ARM.extab
 *(.ARM.extab* .gnu.linkonce.armextab.*)
                0x00000000000006d8                __exidx_start = .

.ARM.exidx
 *(.ARM.exidx* .gnu.linkonce.armexidx.*)
                0x00000000000006d8                __exidx_end = .
                0x00000000000006d8                _etext = .

.mtb_buffer_default
 *(.mtb*)

.uninit_RESERVED
                0x0000000010000000        0x0
 *(.bss.$RESERVED*)
                0x0000000010000000                . = ALIGN (0x4)
                0x0000000010000000                _end_uninit_RESERVED = .

.data           0x0000000010000000        0x0 load address 0x00000000000006d8
 FILL mask 0xff
                0x0000000010000000                _data = .
 *(vtable)
 *(.ramfunc*)
 *(.data*)
                0x0000000010000000                . = ALIGN (0x4)
                0x0000000010000000                _edata = .

.igot.plt       0x0000000010000000        0x0 load address 0x00000000000006d8
 .igot.plt      0x0000000000000000        0x0 ./src/cr_startup_lpc8xx.o

.bss            0x0000000010000000       0x10 load address 0x00000000000006d8
                0x0000000010000000                _bss = .
 *(.bss*)
 .bss.pfRepeat  0x0000000010000000        0x4 ./src/mrt.o
                0x0000000010000000                pfRepeat
 .bss.pfOneshot
                0x0000000010000004        0x4 ./src/mrt.o
                0x0000000010000004                pfOneshot
 *(COMMON)
 COMMON         0x0000000010000008        0x1 ./src/mrt.o
                0x0000000010000008                sleeping
 *fill*         0x0000000010000009        0x3 
 COMMON         0x000000001000000c        0x4 /Users/kodera2t/LPCXpresso/workspace/lpc_chip_8xx/Release/liblpc_chip_8xx.a(chip_8xx.o)
                0x000000001000000c                SystemCoreClock
                0x0000000010000010                . = ALIGN (0x4)
                0x0000000010000010                _ebss = .
                0x0000000010000010                PROVIDE (end, .)

.noinit         0x0000000010000010        0x0 load address 0x00000000000006d8
                0x0000000010000010                _noinit = .
 *(.noinit*)
                0x0000000010000010                . = ALIGN (0x4)
                0x0000000010000010                _end_noinit = .
                0x0000000010000010                PROVIDE (_pvHeapStart, DEFINED (__user_heap_base)?__user_heap_base:.)
                0x0000000010000400                PROVIDE (_vStackTop, DEFINED (__user_stack_top)?__user_stack_top:(__top_RamLoc1 - 0x0))
OUTPUT(osc810.axf elf32-littlearm)

.debug_info     0x0000000000000000     0x5ce4
 .debug_info    0x0000000000000000      0x230 ./src/cr_startup_lpc8xx.o
 .debug_info    0x0000000000000230      0xd0b ./src/mrt.o
 .debug_info    0x0000000000000f3b     0x18cb ./src/osc810.o
 .debug_info    0x0000000000002806       0xd9 ./src/sysinit.o
 .debug_info    0x00000000000028df       0xe3 /Users/kodera2t/LPCXpresso/workspace/lpc_chip_8xx/Release/liblpc_chip_8xx.a(chip_8xx.o)
 .debug_info    0x00000000000029c2      0xb9f /Users/kodera2t/LPCXpresso/workspace/lpc_chip_8xx/Release/liblpc_chip_8xx.a(clock_8xx.o)
 .debug_info    0x0000000000003561      0xcad /Users/kodera2t/LPCXpresso/workspace/lpc_chip_8xx/Release/liblpc_chip_8xx.a(sct_8xx.o)
 .debug_info    0x000000000000420e      0x863 /Users/kodera2t/LPCXpresso/workspace/lpc_chip_8xx/Release/liblpc_chip_8xx.a(sct_pwm_8xx.o)
 .debug_info    0x0000000000004a71      0x371 /Users/kodera2t/LPCXpresso/workspace/lpc_chip_8xx/Release/liblpc_chip_8xx.a(swm_8xx.o)
 .debug_info    0x0000000000004de2      0xa73 /Users/kodera2t/LPCXpresso/workspace/lpc_chip_8xx/Release/liblpc_chip_8xx.a(sysinit_8xx.o)
 .debug_info    0x0000000000005855      0x48f /Users/kodera2t/LPCXpresso/workspace/lpc_chip_8xx/Release/liblpc_chip_8xx.a(syscon_8xx.o)

.debug_abbrev   0x0000000000000000     0x1434
 .debug_abbrev  0x0000000000000000       0xe5 ./src/cr_startup_lpc8xx.o
 .debug_abbrev  0x00000000000000e5      0x2db ./src/mrt.o
 .debug_abbrev  0x00000000000003c0      0x35a ./src/osc810.o
 .debug_abbrev  0x000000000000071a       0x85 ./src/sysinit.o
 .debug_abbrev  0x000000000000079f       0x98 /Users/kodera2t/LPCXpresso/workspace/lpc_chip_8xx/Release/liblpc_chip_8xx.a(chip_8xx.o)
 .debug_abbrev  0x0000000000000837      0x344 /Users/kodera2t/LPCXpresso/workspace/lpc_chip_8xx/Release/liblpc_chip_8xx.a(clock_8xx.o)
 .debug_abbrev  0x0000000000000b7b      0x230 /Users/kodera2t/LPCXpresso/workspace/lpc_chip_8xx/Release/liblpc_chip_8xx.a(sct_8xx.o)
 .debug_abbrev  0x0000000000000dab      0x267 /Users/kodera2t/LPCXpresso/workspace/lpc_chip_8xx/Release/liblpc_chip_8xx.a(sct_pwm_8xx.o)
 .debug_abbrev  0x0000000000001012      0x139 /Users/kodera2t/LPCXpresso/workspace/lpc_chip_8xx/Release/liblpc_chip_8xx.a(swm_8xx.o)
 .debug_abbrev  0x000000000000114b      0x20f /Users/kodera2t/LPCXpresso/workspace/lpc_chip_8xx/Release/liblpc_chip_8xx.a(sysinit_8xx.o)
 .debug_abbrev  0x000000000000135a       0xda /Users/kodera2t/LPCXpresso/workspace/lpc_chip_8xx/Release/liblpc_chip_8xx.a(syscon_8xx.o)

.debug_loc      0x0000000000000000      0xad7
 .debug_loc     0x0000000000000000      0x1a4 ./src/cr_startup_lpc8xx.o
 .debug_loc     0x00000000000001a4       0xcb ./src/mrt.o
 .debug_loc     0x000000000000026f       0x6e ./src/osc810.o
 .debug_loc     0x00000000000002dd      0x32f /Users/kodera2t/LPCXpresso/workspace/lpc_chip_8xx/Release/liblpc_chip_8xx.a(clock_8xx.o)
 .debug_loc     0x000000000000060c      0x15d /Users/kodera2t/LPCXpresso/workspace/lpc_chip_8xx/Release/liblpc_chip_8xx.a(sct_8xx.o)
 .debug_loc     0x0000000000000769      0x152 /Users/kodera2t/LPCXpresso/workspace/lpc_chip_8xx/Release/liblpc_chip_8xx.a(sct_pwm_8xx.o)
 .debug_loc     0x00000000000008bb      0x15f /Users/kodera2t/LPCXpresso/workspace/lpc_chip_8xx/Release/liblpc_chip_8xx.a(swm_8xx.o)
 .debug_loc     0x0000000000000a1a       0xbd /Users/kodera2t/LPCXpresso/workspace/lpc_chip_8xx/Release/liblpc_chip_8xx.a(syscon_8xx.o)

.debug_aranges  0x0000000000000000      0x2a0
 .debug_aranges
                0x0000000000000000       0x60 ./src/cr_startup_lpc8xx.o
 .debug_aranges
                0x0000000000000060       0x60 ./src/mrt.o
 .debug_aranges
                0x00000000000000c0       0x30 ./src/osc810.o
 .debug_aranges
                0x00000000000000f0       0x20 ./src/sysinit.o
 .debug_aranges
                0x0000000000000110       0x20 /Users/kodera2t/LPCXpresso/workspace/lpc_chip_8xx/Release/liblpc_chip_8xx.a(chip_8xx.o)
 .debug_aranges
                0x0000000000000130       0x80 /Users/kodera2t/LPCXpresso/workspace/lpc_chip_8xx/Release/liblpc_chip_8xx.a(clock_8xx.o)
 .debug_aranges
                0x00000000000001b0       0x38 /Users/kodera2t/LPCXpresso/workspace/lpc_chip_8xx/Release/liblpc_chip_8xx.a(sct_8xx.o)
 .debug_aranges
                0x00000000000001e8       0x28 /Users/kodera2t/LPCXpresso/workspace/lpc_chip_8xx/Release/liblpc_chip_8xx.a(sct_pwm_8xx.o)
 .debug_aranges
                0x0000000000000210       0x28 /Users/kodera2t/LPCXpresso/workspace/lpc_chip_8xx/Release/liblpc_chip_8xx.a(swm_8xx.o)
 .debug_aranges
                0x0000000000000238       0x30 /Users/kodera2t/LPCXpresso/workspace/lpc_chip_8xx/Release/liblpc_chip_8xx.a(sysinit_8xx.o)
 .debug_aranges
                0x0000000000000268       0x38 /Users/kodera2t/LPCXpresso/workspace/lpc_chip_8xx/Release/liblpc_chip_8xx.a(syscon_8xx.o)

.debug_ranges   0x0000000000000000      0x660
 .debug_ranges  0x0000000000000000       0x50 ./src/cr_startup_lpc8xx.o
 .debug_ranges  0x0000000000000050      0x1f8 ./src/mrt.o
 .debug_ranges  0x0000000000000248      0x190 ./src/osc810.o
 .debug_ranges  0x00000000000003d8       0x10 ./src/sysinit.o
 .debug_ranges  0x00000000000003e8       0x10 /Users/kodera2t/LPCXpresso/workspace/lpc_chip_8xx/Release/liblpc_chip_8xx.a(chip_8xx.o)
 .debug_ranges  0x00000000000003f8       0xf0 /Users/kodera2t/LPCXpresso/workspace/lpc_chip_8xx/Release/liblpc_chip_8xx.a(clock_8xx.o)
 .debug_ranges  0x00000000000004e8       0x58 /Users/kodera2t/LPCXpresso/workspace/lpc_chip_8xx/Release/liblpc_chip_8xx.a(sct_8xx.o)
 .debug_ranges  0x0000000000000540       0x90 /Users/kodera2t/LPCXpresso/workspace/lpc_chip_8xx/Release/liblpc_chip_8xx.a(sct_pwm_8xx.o)
 .debug_ranges  0x00000000000005d0       0x18 /Users/kodera2t/LPCXpresso/workspace/lpc_chip_8xx/Release/liblpc_chip_8xx.a(swm_8xx.o)
 .debug_ranges  0x00000000000005e8       0x50 /Users/kodera2t/LPCXpresso/workspace/lpc_chip_8xx/Release/liblpc_chip_8xx.a(sysinit_8xx.o)
 .debug_ranges  0x0000000000000638       0x28 /Users/kodera2t/LPCXpresso/workspace/lpc_chip_8xx/Release/liblpc_chip_8xx.a(syscon_8xx.o)

.debug_line     0x0000000000000000     0x1228
 .debug_line    0x0000000000000000       0xae ./src/cr_startup_lpc8xx.o
 .debug_line    0x00000000000000ae      0x2e6 ./src/mrt.o
 .debug_line    0x0000000000000394      0x2eb ./src/osc810.o
 .debug_line    0x000000000000067f       0xd1 ./src/sysinit.o
 .debug_line    0x0000000000000750       0xf1 /Users/kodera2t/LPCXpresso/workspace/lpc_chip_8xx/Release/liblpc_chip_8xx.a(chip_8xx.o)
 .debug_line    0x0000000000000841      0x2b4 /Users/kodera2t/LPCXpresso/workspace/lpc_chip_8xx/Release/liblpc_chip_8xx.a(clock_8xx.o)
 .debug_line    0x0000000000000af5      0x195 /Users/kodera2t/LPCXpresso/workspace/lpc_chip_8xx/Release/liblpc_chip_8xx.a(sct_8xx.o)
 .debug_line    0x0000000000000c8a      0x17f /Users/kodera2t/LPCXpresso/workspace/lpc_chip_8xx/Release/liblpc_chip_8xx.a(sct_pwm_8xx.o)
 .debug_line    0x0000000000000e09      0x113 /Users/kodera2t/LPCXpresso/workspace/lpc_chip_8xx/Release/liblpc_chip_8xx.a(swm_8xx.o)
 .debug_line    0x0000000000000f1c      0x1d6 /Users/kodera2t/LPCXpresso/workspace/lpc_chip_8xx/Release/liblpc_chip_8xx.a(sysinit_8xx.o)
 .debug_line    0x00000000000010f2      0x136 /Users/kodera2t/LPCXpresso/workspace/lpc_chip_8xx/Release/liblpc_chip_8xx.a(syscon_8xx.o)

.debug_str      0x0000000000000000     0x2715
 .debug_str     0x0000000000000000      0x21f ./src/cr_startup_lpc8xx.o
                                        0x23d (size before relaxing)
 .debug_str     0x000000000000021f      0xa1f ./src/mrt.o
                                        0xb54 (size before relaxing)
 .debug_str     0x0000000000000c3e      0x959 ./src/osc810.o
                                       0x11e5 (size before relaxing)
 .debug_str     0x0000000000001597       0x21 ./src/sysinit.o
                                        0x1b6 (size before relaxing)
 .debug_str     0x00000000000015b8       0x7f /Users/kodera2t/LPCXpresso/workspace/lpc_chip_8xx/Release/liblpc_chip_8xx.a(chip_8xx.o)
                                        0x1fb (size before relaxing)
 .debug_str     0x0000000000001637      0x695 /Users/kodera2t/LPCXpresso/workspace/lpc_chip_8xx/Release/liblpc_chip_8xx.a(clock_8xx.o)
                                        0xba9 (size before relaxing)
 .debug_str     0x0000000000001ccc       0x91 /Users/kodera2t/LPCXpresso/workspace/lpc_chip_8xx/Release/liblpc_chip_8xx.a(sct_8xx.o)
                                        0x923 (size before relaxing)
 .debug_str     0x0000000000001d5d       0x52 /Users/kodera2t/LPCXpresso/workspace/lpc_chip_8xx/Release/liblpc_chip_8xx.a(sct_pwm_8xx.o)
                                        0x45d (size before relaxing)
 .debug_str     0x0000000000001daf       0x67 /Users/kodera2t/LPCXpresso/workspace/lpc_chip_8xx/Release/liblpc_chip_8xx.a(swm_8xx.o)
                                        0x561 (size before relaxing)
 .debug_str     0x0000000000001e16      0x86f /Users/kodera2t/LPCXpresso/workspace/lpc_chip_8xx/Release/liblpc_chip_8xx.a(sysinit_8xx.o)
                                        0xb65 (size before relaxing)
 .debug_str     0x0000000000002685       0x90 /Users/kodera2t/LPCXpresso/workspace/lpc_chip_8xx/Release/liblpc_chip_8xx.a(syscon_8xx.o)
                                        0x45d (size before relaxing)

.comment        0x0000000000000000       0x70
 .comment       0x0000000000000000       0x70 ./src/cr_startup_lpc8xx.o
                                         0x71 (size before relaxing)
 .comment       0x0000000000000000       0x71 ./src/mrt.o
 .comment       0x0000000000000000       0x71 ./src/osc810.o
 .comment       0x0000000000000000       0x71 ./src/sysinit.o
 .comment       0x0000000000000000       0x71 /Users/kodera2t/LPCXpresso/workspace/lpc_chip_8xx/Release/liblpc_chip_8xx.a(chip_8xx.o)
 .comment       0x0000000000000000       0x71 /Users/kodera2t/LPCXpresso/workspace/lpc_chip_8xx/Release/liblpc_chip_8xx.a(clock_8xx.o)
 .comment       0x0000000000000000       0x71 /Users/kodera2t/LPCXpresso/workspace/lpc_chip_8xx/Release/liblpc_chip_8xx.a(sct_8xx.o)
 .comment       0x0000000000000000       0x71 /Users/kodera2t/LPCXpresso/workspace/lpc_chip_8xx/Release/liblpc_chip_8xx.a(sct_pwm_8xx.o)
 .comment       0x0000000000000000       0x71 /Users/kodera2t/LPCXpresso/workspace/lpc_chip_8xx/Release/liblpc_chip_8xx.a(swm_8xx.o)
 .comment       0x0000000000000000       0x71 /Users/kodera2t/LPCXpresso/workspace/lpc_chip_8xx/Release/liblpc_chip_8xx.a(sysinit_8xx.o)
 .comment       0x0000000000000000       0x71 /Users/kodera2t/LPCXpresso/workspace/lpc_chip_8xx/Release/liblpc_chip_8xx.a(syscon_8xx.o)
 .comment       0x0000000000000000       0x71 /Applications/lpcxpresso_7.7.2_379/lpcxpresso/tools/bin/../lib/gcc/arm-none-eabi/4.9.3/../../../../arm-none-eabi/lib/armv6-m/libcr_c.a(__weak__main.o)

.ARM.attributes
                0x0000000000000000       0x2f
 .ARM.attributes
                0x0000000000000000       0x31 ./src/cr_startup_lpc8xx.o
 .ARM.attributes
                0x0000000000000031       0x31 ./src/mrt.o
 .ARM.attributes
                0x0000000000000062       0x31 ./src/osc810.o
 .ARM.attributes
                0x0000000000000093       0x31 ./src/sysinit.o
 .ARM.attributes
                0x00000000000000c4       0x31 /Users/kodera2t/LPCXpresso/workspace/lpc_chip_8xx/Release/liblpc_chip_8xx.a(chip_8xx.o)
 .ARM.attributes
                0x00000000000000f5       0x31 /Users/kodera2t/LPCXpresso/workspace/lpc_chip_8xx/Release/liblpc_chip_8xx.a(clock_8xx.o)
 .ARM.attributes
                0x0000000000000126       0x31 /Users/kodera2t/LPCXpresso/workspace/lpc_chip_8xx/Release/liblpc_chip_8xx.a(sct_8xx.o)
 .ARM.attributes
                0x0000000000000157       0x31 /Users/kodera2t/LPCXpresso/workspace/lpc_chip_8xx/Release/liblpc_chip_8xx.a(sct_pwm_8xx.o)
 .ARM.attributes
                0x0000000000000188       0x31 /Users/kodera2t/LPCXpresso/workspace/lpc_chip_8xx/Release/liblpc_chip_8xx.a(swm_8xx.o)
 .ARM.attributes
                0x00000000000001b9       0x31 /Users/kodera2t/LPCXpresso/workspace/lpc_chip_8xx/Release/liblpc_chip_8xx.a(sysinit_8xx.o)
 .ARM.attributes
                0x00000000000001ea       0x31 /Users/kodera2t/LPCXpresso/workspace/lpc_chip_8xx/Release/liblpc_chip_8xx.a(syscon_8xx.o)
 .ARM.attributes
                0x000000000000021b       0x31 /Applications/lpcxpresso_7.7.2_379/lpcxpresso/tools/bin/../lib/gcc/arm-none-eabi/4.9.3/../../../../arm-none-eabi/lib/armv6-m/libcr_c.a(__weak__main.o)
 .ARM.attributes
                0x000000000000024c       0x21 /Applications/lpcxpresso_7.7.2_379/lpcxpresso/tools/bin/../lib/gcc/arm-none-eabi/4.9.3/armv6-m/libcr_eabihelpers.a(division_32.o)
 .ARM.attributes
                0x000000000000026d       0x21 /Applications/lpcxpresso_7.7.2_379/lpcxpresso/tools/bin/../lib/gcc/arm-none-eabi/4.9.3/armv6-m/libcr_eabihelpers.a(division_idiv0.o)

.debug_frame    0x0000000000000000      0x4e0
 .debug_frame   0x0000000000000000       0xb0 ./src/cr_startup_lpc8xx.o
 .debug_frame   0x00000000000000b0       0xb4 ./src/mrt.o
 .debug_frame   0x0000000000000164       0x60 ./src/osc810.o
 .debug_frame   0x00000000000001c4       0x28 ./src/sysinit.o
 .debug_frame   0x00000000000001ec       0x28 /Users/kodera2t/LPCXpresso/workspace/lpc_chip_8xx/Release/liblpc_chip_8xx.a(chip_8xx.o)
 .debug_frame   0x0000000000000214      0x124 /Users/kodera2t/LPCXpresso/workspace/lpc_chip_8xx/Release/liblpc_chip_8xx.a(clock_8xx.o)
 .debug_frame   0x0000000000000338       0x58 /Users/kodera2t/LPCXpresso/workspace/lpc_chip_8xx/Release/liblpc_chip_8xx.a(sct_8xx.o)
 .debug_frame   0x0000000000000390       0x48 /Users/kodera2t/LPCXpresso/workspace/lpc_chip_8xx/Release/liblpc_chip_8xx.a(sct_pwm_8xx.o)
 .debug_frame   0x00000000000003d8       0x40 /Users/kodera2t/LPCXpresso/workspace/lpc_chip_8xx/Release/liblpc_chip_8xx.a(swm_8xx.o)
 .debug_frame   0x0000000000000418       0x70 /Users/kodera2t/LPCXpresso/workspace/lpc_chip_8xx/Release/liblpc_chip_8xx.a(sysinit_8xx.o)
 .debug_frame   0x0000000000000488       0x58 /Users/kodera2t/LPCXpresso/workspace/lpc_chip_8xx/Release/liblpc_chip_8xx.a(syscon_8xx.o)
